

*******************************************************************************
Sun May 18 20:15:37 2025


FIT:    data read from 'v1.csv' using 1:2:3:4 xyerrors
        format = x:z:sx:s

Current data point
=========================
#               = 1 out of 3
x               = 0.416          
z               = 0.001          
s               = 0              

BREAK: Zero error value in data file

*******************************************************************************
Sun May 18 20:15:53 2025


FIT:    data read from 'v1.csv' using 1:2:3:4 xyerrors
        format = x:z:sx:s

Current data point
=========================
#               = 1 out of 3
x               = 0.416          
z               = 0.001          
s               = 0              

BREAK: Zero error value in data file

*******************************************************************************
Sun May 18 20:16:20 2025


FIT:    data read from 'v1.csv' using 1:2:3:4 xyerrors
        format = x:z:sx:s

Current data point
=========================
#               = 1 out of 3
x               = 0.416          
z               = 0.001          
s               = 0              

BREAK: Zero error value in data file

*******************************************************************************
Sun May 18 20:16:53 2025


FIT:    data read from 'v1.csv' using 4:5:6:7 xyerrors
        format = x:z:sx:s
        #datapoints = 3
function used for fitting: f(x)
	f(x) = a*x + b
fitted parameters initialized with current variable values

iter      chisq       delta/lim  lambda   a            
   0 3.0614497903e+05   0.00e+00  3.21e+02    1.000000e+00
   5 4.6274060912e+01  -4.24e-03  3.21e-03    5.595348e-03

After 5 iterations the fit converged.
final sum of squares of residuals : 46.2741
rel. change during last iteration : -4.24162e-08

degrees of freedom    (FIT_NDF)                        : 2
rms of residuals      (FIT_STDFIT) = sqrt(WSSR/ndf)    : 4.8101
variance of residuals (reduced chisquare) = WSSR/ndf   : 23.137
p-value of the Chisq distribution (FIT_P)              : 8.94778e-11

Final set of parameters            Asymptotic Standard Error
=======================            ==========================
a               = 0.00559535       +/- 0.0004618    (8.253%)


*******************************************************************************
Sun May 18 20:18:37 2025


FIT:    data read from 'v1.csv' using 4:5:6:7 xyerrors
        format = x:z:sx:s
        #datapoints = 3
function used for fitting: f(x)
	f(x) = a*x + b
fitted parameters initialized with current variable values

iter      chisq       delta/lim  lambda   a            
   0 3.0614497903e+05   0.00e+00  3.21e+02    1.000000e+00
   5 4.6274060912e+01  -4.24e-03  3.21e-03    5.595348e-03

After 5 iterations the fit converged.
final sum of squares of residuals : 46.2741
rel. change during last iteration : -4.24162e-08

degrees of freedom    (FIT_NDF)                        : 2
rms of residuals      (FIT_STDFIT) = sqrt(WSSR/ndf)    : 4.8101
variance of residuals (reduced chisquare) = WSSR/ndf   : 23.137
p-value of the Chisq distribution (FIT_P)              : 8.94778e-11

Final set of parameters            Asymptotic Standard Error
=======================            ==========================
a               = 0.00559535       +/- 0.0004618    (8.253%)


*******************************************************************************
Sun May 18 20:25:44 2025


FIT:    data read from 'v1.csv' using 5:4:7:6 xyerrors
        format = x:z:sx:s

Current data point
=========================
#               = 1 out of 3
x               = 0.16           
z               = 0              
s               = 0              

BREAK: Zero error value in data file

*******************************************************************************
Sun May 18 20:27:20 2025


FIT:    data read from 'v1.csv' using 4:5:6:7 xyerrors
        format = x:z:sx:s
        #datapoints = 3
function used for fitting: f(x)
	f(x) = a*x + b
fitted parameters initialized with current variable values

iter      chisq       delta/lim  lambda   a            
   0 3.0614497903e+05   0.00e+00  3.21e+02    1.000000e+00
   5 4.6274060912e+01  -4.24e-03  3.21e-03    5.595348e-03

After 5 iterations the fit converged.
final sum of squares of residuals : 46.2741
rel. change during last iteration : -4.24162e-08

degrees of freedom    (FIT_NDF)                        : 2
rms of residuals      (FIT_STDFIT) = sqrt(WSSR/ndf)    : 4.8101
variance of residuals (reduced chisquare) = WSSR/ndf   : 23.137
p-value of the Chisq distribution (FIT_P)              : 8.94778e-11

Final set of parameters            Asymptotic Standard Error
=======================            ==========================
a               = 0.00559535       +/- 0.0004618    (8.253%)


*******************************************************************************
Sun May 18 20:30:00 2025


FIT:    data read from 'v1.csv' using 5:4:7:6 xyerrors
        format = x:z:sx:s

Current data point
=========================
#               = 1 out of 3
x               = 0.16           
z               = 0              
s               = 0              

BREAK: Zero error value in data file

*******************************************************************************
Sun May 18 20:33:10 2025


FIT:    data read from 'v1.csv' using 5:4:6:7 xyerrors
        format = x:z:sx:s
        #datapoints = 3
function used for fitting: f(x)
	f(x) = a*x + b
fitted parameters initialized with current variable values

iter      chisq       delta/lim  lambda   a            
   0 3.0217303769e+05   0.00e+00  4.67e+01    1.000000e+00
   2 2.9655725684e+05   0.00e+00  4.67e+08    1.009744e+00

After 2 iterations the fit converged.
final sum of squares of residuals : 296557
rel. change during last iteration : 0

degrees of freedom    (FIT_NDF)                        : 2
rms of residuals      (FIT_STDFIT) = sqrt(WSSR/ndf)    : 385.07
variance of residuals (reduced chisquare) = WSSR/ndf   : 148279
p-value of the Chisq distribution (FIT_P)              : 0

Final set of parameters            Asymptotic Standard Error
=======================            ==========================
a               = 1.00974          +/- 4.76         (471.4%)


*******************************************************************************
Sun May 18 20:35:05 2025


FIT:    data read from 'v1.csv' using 4:5:6:7 xyerrors
        format = x:z:sx:s
        #datapoints = 3
function used for fitting: f(x)
	f(x) = a*x + b
fitted parameters initialized with current variable values

iter      chisq       delta/lim  lambda   a            
   0 3.0614497903e+05   0.00e+00  3.21e+02    1.000000e+00
   5 4.6274060912e+01  -4.24e-03  3.21e-03    5.595348e-03

After 5 iterations the fit converged.
final sum of squares of residuals : 46.2741
rel. change during last iteration : -4.24162e-08

degrees of freedom    (FIT_NDF)                        : 2
rms of residuals      (FIT_STDFIT) = sqrt(WSSR/ndf)    : 4.8101
variance of residuals (reduced chisquare) = WSSR/ndf   : 23.137
p-value of the Chisq distribution (FIT_P)              : 8.94778e-11

Final set of parameters            Asymptotic Standard Error
=======================            ==========================
a               = 0.00559535       +/- 0.0004618    (8.253%)


*******************************************************************************
Sun May 18 20:37:58 2025


FIT:    data read from 'v1.csv' using 4:5:6:7 xyerrors
        format = x:z:sx:s
        #datapoints = 3
function used for fitting: f(x)
	f(x) = a*x + b
fitted parameters initialized with current variable values

iter      chisq       delta/lim  lambda   a            
   0 3.0614497903e+05   0.00e+00  3.21e+02    1.000000e+00
   5 4.6274060912e+01  -4.24e-03  3.21e-03    5.595348e-03

After 5 iterations the fit converged.
final sum of squares of residuals : 46.2741
rel. change during last iteration : -4.24162e-08

degrees of freedom    (FIT_NDF)                        : 2
rms of residuals      (FIT_STDFIT) = sqrt(WSSR/ndf)    : 4.8101
variance of residuals (reduced chisquare) = WSSR/ndf   : 23.137
p-value of the Chisq distribution (FIT_P)              : 8.94778e-11

Final set of parameters            Asymptotic Standard Error
=======================            ==========================
a               = 0.00559535       +/- 0.0004618    (8.253%)


*******************************************************************************
Sun May 18 20:39:47 2025


FIT:    data read from 'v1.csv' using 4:5:6:7 xyerrors
        format = x:z:sx:s
        #datapoints = 3
function used for fitting: f(x)
	f(x) = a*x + b
fitted parameters initialized with current variable values

iter      chisq       delta/lim  lambda   a            
   0 3.0614497903e+05   0.00e+00  3.21e+02    1.000000e+00
   5 4.6274060912e+01  -4.24e-03  3.21e-03    5.595348e-03

After 5 iterations the fit converged.
final sum of squares of residuals : 46.2741
rel. change during last iteration : -4.24162e-08

degrees of freedom    (FIT_NDF)                        : 2
rms of residuals      (FIT_STDFIT) = sqrt(WSSR/ndf)    : 4.8101
variance of residuals (reduced chisquare) = WSSR/ndf   : 23.137
p-value of the Chisq distribution (FIT_P)              : 8.94778e-11

Final set of parameters            Asymptotic Standard Error
=======================            ==========================
a               = 0.00559535       +/- 0.0004618    (8.253%)


*******************************************************************************
Sun May 18 20:44:16 2025


FIT:    data read from 'v1.csv' using 5:4:7:6 xyerrors
        format = x:z:sx:s

Current data point
=========================
#               = 1 out of 3
x               = 0.16           
z               = 0              
s               = 0              

BREAK: Zero error value in data file

*******************************************************************************
Sun May 18 20:48:45 2025


FIT:    data read from 'v1.csv' using 5:4:7:6 xyerrors
        format = x:z:sx:s

Current data point
=========================
#               = 1 out of 3
x               = 0.16           
z               = 0              
s               = 0              

BREAK: Zero error value in data file

*******************************************************************************
Sun May 18 20:49:10 2025


FIT:    data read from 'v1.csv' using 5:4:7:6 xyerrors
        format = x:z:sx:s
        #datapoints = 3
function used for fitting: F(x)
	F(x) = k*x + c
fitted parameters initialized with current variable values

iter      chisq       delta/lim  lambda   k            
   0 2.8015971918e+05   0.00e+00  1.93e+01    1.000000e+00
   7 1.5909503685e+03  -8.35e-01  1.93e-06    4.926375e+01

After 7 iterations the fit converged.
final sum of squares of residuals : 1590.95
rel. change during last iteration : -8.3539e-06

degrees of freedom    (FIT_NDF)                        : 2
rms of residuals      (FIT_STDFIT) = sqrt(WSSR/ndf)    : 28.2042
variance of residuals (reduced chisquare) = WSSR/ndf   : 795.475
p-value of the Chisq distribution (FIT_P)              : 0

Final set of parameters            Asymptotic Standard Error
=======================            ==========================
k               = 49.2637          +/- 19.14        (38.85%)


*******************************************************************************
Sun May 18 20:50:36 2025


FIT:    data read from 'v1.csv' using 5:4:7:6 xyerrors
        format = x:z:sx:s
        #datapoints = 3
function used for fitting: F(x)
	F(x) = k*x + c
fitted parameters initialized with current variable values

iter      chisq       delta/lim  lambda   k            
   0 2.8015971918e+05   0.00e+00  1.93e+01    1.000000e+00
   7 1.5909503685e+03  -8.35e-01  1.93e-06    4.926375e+01

After 7 iterations the fit converged.
final sum of squares of residuals : 1590.95
rel. change during last iteration : -8.3539e-06

degrees of freedom    (FIT_NDF)                        : 2
rms of residuals      (FIT_STDFIT) = sqrt(WSSR/ndf)    : 28.2042
variance of residuals (reduced chisquare) = WSSR/ndf   : 795.475
p-value of the Chisq distribution (FIT_P)              : 0

Final set of parameters            Asymptotic Standard Error
=======================            ==========================
k               = 49.2637          +/- 19.14        (38.85%)


*******************************************************************************
Sun May 18 20:51:10 2025


FIT:    data read from 'v1.csv' using 5:4:7:6 xyerrors
        format = x:z:sx:s
        #datapoints = 3
function used for fitting: F(x)
	F(x) = k*x + c
fitted parameters initialized with current variable values

iter      chisq       delta/lim  lambda   k            
   0 2.7357611236e+05   0.00e+00  1.93e+01    1.000000e+00
   8 1.6598941895e+03  -6.03e-02  1.93e-07    4.849847e+01

After 8 iterations the fit converged.
final sum of squares of residuals : 1659.89
rel. change during last iteration : -6.03185e-07

degrees of freedom    (FIT_NDF)                        : 2
rms of residuals      (FIT_STDFIT) = sqrt(WSSR/ndf)    : 28.8088
variance of residuals (reduced chisquare) = WSSR/ndf   : 829.947
p-value of the Chisq distribution (FIT_P)              : 0

Final set of parameters            Asymptotic Standard Error
=======================            ==========================
k               = 48.4985          +/- 19.26        (39.71%)


*******************************************************************************
Sun May 18 20:55:14 2025


FIT:    data read from 'v1.csv' using 5:4:7:6 xyerrors
        format = x:z:sx:s

Current data point
=========================
#               = 1 out of 3
x               = 0              
z               = 0              
s               = 0              

BREAK: Zero error value in data file

*******************************************************************************
Sun May 18 20:57:16 2025


FIT:    data read from 'v1.csv' using 5:4:7:6 xyerrors
        format = x:z:sx:s
        #datapoints = 3
function used for fitting: F(x)
	F(x) = k*x + c
fitted parameters initialized with current variable values

iter      chisq       delta/lim  lambda   k            
   0 2.8889089359e+05   0.00e+00  1.41e+00    1.000000e+00
   5 7.5591295688e+00   0.00e+00  1.41e+03    1.761098e+02

After 5 iterations the fit converged.
final sum of squares of residuals : 7.55913
rel. change during last iteration : 0

degrees of freedom    (FIT_NDF)                        : 2
rms of residuals      (FIT_STDFIT) = sqrt(WSSR/ndf)    : 1.94411
variance of residuals (reduced chisquare) = WSSR/ndf   : 3.77956
p-value of the Chisq distribution (FIT_P)              : 0.0228326

Final set of parameters            Asymptotic Standard Error
=======================            ==========================
k               = 176.11           +/- 14.33        (8.135%)


*******************************************************************************
Sun May 18 21:01:30 2025


FIT:    data read from 'v1.csv' using 5:4:7:6 xyerrors
        format = x:z:sx:s
        #datapoints = 3
function used for fitting: F(x)
	F(x) = k*x + c
fitted parameters initialized with current variable values

iter      chisq       delta/lim  lambda   k            
   0 2.8889089359e+05   0.00e+00  1.41e+00    1.000000e+00
   5 7.5591295688e+00   0.00e+00  1.41e+03    1.761098e+02

After 5 iterations the fit converged.
final sum of squares of residuals : 7.55913
rel. change during last iteration : 0

degrees of freedom    (FIT_NDF)                        : 2
rms of residuals      (FIT_STDFIT) = sqrt(WSSR/ndf)    : 1.94411
variance of residuals (reduced chisquare) = WSSR/ndf   : 3.77956
p-value of the Chisq distribution (FIT_P)              : 0.0228326

Final set of parameters            Asymptotic Standard Error
=======================            ==========================
k               = 176.11           +/- 14.33        (8.135%)


*******************************************************************************
Sun May 18 21:01:32 2025


FIT:    data read from 'v1.csv' using 5:4:7:6 xyerrors
        format = x:z:sx:s
        #datapoints = 3
function used for fitting: F(x)
	F(x) = k*x + c
fitted parameters initialized with current variable values

iter      chisq       delta/lim  lambda   k            
   0 2.8889089359e+05   0.00e+00  1.41e+00    1.000000e+00
   5 7.5591295688e+00   0.00e+00  1.41e+03    1.761098e+02

After 5 iterations the fit converged.
final sum of squares of residuals : 7.55913
rel. change during last iteration : 0

degrees of freedom    (FIT_NDF)                        : 2
rms of residuals      (FIT_STDFIT) = sqrt(WSSR/ndf)    : 1.94411
variance of residuals (reduced chisquare) = WSSR/ndf   : 3.77956
p-value of the Chisq distribution (FIT_P)              : 0.0228326

Final set of parameters            Asymptotic Standard Error
=======================            ==========================
k               = 176.11           +/- 14.33        (8.135%)


*******************************************************************************
Sun May 18 21:02:31 2025


FIT:    data read from 'v1.csv' using 5:4:7:6 xyerrors
        format = x:z:sx:s
        #datapoints = 3
function used for fitting: F(x)
	F(x) = k*x + c
fitted parameters initialized with current variable values

iter      chisq       delta/lim  lambda   k            
   0 2.8889089359e+05   0.00e+00  1.41e+00    1.000000e+00
   5 7.5591295688e+00   0.00e+00  1.41e+03    1.761098e+02

After 5 iterations the fit converged.
final sum of squares of residuals : 7.55913
rel. change during last iteration : 0

degrees of freedom    (FIT_NDF)                        : 2
rms of residuals      (FIT_STDFIT) = sqrt(WSSR/ndf)    : 1.94411
variance of residuals (reduced chisquare) = WSSR/ndf   : 3.77956
p-value of the Chisq distribution (FIT_P)              : 0.0228326

Final set of parameters            Asymptotic Standard Error
=======================            ==========================
k               = 176.11           +/- 14.33        (8.135%)


*******************************************************************************
Sun May 18 21:02:45 2025


FIT:    data read from 'v1.csv' using 5:4:7:6 xyerrors
        format = x:z:sx:s
        #datapoints = 3
function used for fitting: F(x)
	F(x) = k*x + c
fitted parameters initialized with current variable values

iter      chisq       delta/lim  lambda   k            
   0 2.8889089359e+05   0.00e+00  1.41e+00    1.000000e+00
   5 7.5591295688e+00   0.00e+00  1.41e+03    1.761098e+02

After 5 iterations the fit converged.
final sum of squares of residuals : 7.55913
rel. change during last iteration : 0

degrees of freedom    (FIT_NDF)                        : 2
rms of residuals      (FIT_STDFIT) = sqrt(WSSR/ndf)    : 1.94411
variance of residuals (reduced chisquare) = WSSR/ndf   : 3.77956
p-value of the Chisq distribution (FIT_P)              : 0.0228326

Final set of parameters            Asymptotic Standard Error
=======================            ==========================
k               = 176.11           +/- 14.33        (8.135%)


*******************************************************************************
Mon May 19 02:35:05 2025


FIT:    data read from 'v2.csv' using 5:4:7:6 xyerrors
        format = x:z:sx:s
        #datapoints = 3
function used for fitting: F(x)
	F(x) = k*x + c
fitted parameters initialized with current variable values

iter      chisq       delta/lim  lambda   k            
   0 1.9898117836e+04   0.00e+00  1.86e-01    1.000000e+00
   5 2.9352413130e-02  -1.28e-08  1.86e+00    4.378928e+02

After 5 iterations the fit converged.
final sum of squares of residuals : 0.0293524
rel. change during last iteration : -1.28483e-13

degrees of freedom    (FIT_NDF)                        : 2
rms of residuals      (FIT_STDFIT) = sqrt(WSSR/ndf)    : 0.121145
variance of residuals (reduced chisquare) = WSSR/ndf   : 0.0146762
p-value of the Chisq distribution (FIT_P)              : 0.985431

Final set of parameters            Asymptotic Standard Error
=======================            ==========================
k               = 437.893          +/- 3.785        (0.8644%)


*******************************************************************************
Mon May 19 02:35:47 2025


FIT:    data read from 'v1.csv' using 5:4:7:6 xyerrors
        format = x:z:sx:s
        #datapoints = 3
function used for fitting: F(x)
	F(x) = k*x + c
fitted parameters initialized with current variable values

iter      chisq       delta/lim  lambda   k            
   0 1.9758856710e+04   0.00e+00  4.13e-01    1.000000e+00
   4 7.4604240165e+00  -2.38e-11  4.13e+02    1.762902e+02

After 4 iterations the fit converged.
final sum of squares of residuals : 7.46042
rel. change during last iteration : -2.38104e-16

degrees of freedom    (FIT_NDF)                        : 2
rms of residuals      (FIT_STDFIT) = sqrt(WSSR/ndf)    : 1.93138
variance of residuals (reduced chisquare) = WSSR/ndf   : 3.73021
p-value of the Chisq distribution (FIT_P)              : 0.0239877

Final set of parameters            Asymptotic Standard Error
=======================            ==========================
k               = 176.29           +/- 14.52        (8.235%)


*******************************************************************************
Mon May 19 02:36:08 2025


FIT:    data read from 'v3.csv' using 5:4:7:6 xyerrors
        format = x:z:sx:s
        #datapoints = 3
function used for fitting: F(x)
	F(x) = k*x + c
fitted parameters initialized with current variable values

iter      chisq       delta/lim  lambda   k            
   0 1.9696010760e+04   0.00e+00  5.40e-01    1.000000e+00
   4 5.7761651590e+00  -4.61e-11  5.40e+02    1.397811e+02

After 4 iterations the fit converged.
final sum of squares of residuals : 5.77617
rel. change during last iteration : -4.61298e-16

degrees of freedom    (FIT_NDF)                        : 2
rms of residuals      (FIT_STDFIT) = sqrt(WSSR/ndf)    : 1.69944
variance of residuals (reduced chisquare) = WSSR/ndf   : 2.88808
p-value of the Chisq distribution (FIT_P)              : 0.0556829

Final set of parameters            Asymptotic Standard Error
=======================            ==========================
k               = 139.781          +/- 8.1          (5.795%)


*******************************************************************************
Mon May 19 02:36:40 2025


FIT:    data read from 'v4.csv' using 5:4:7:6 xyerrors
        format = x:z:sx:s
        #datapoints = 3
function used for fitting: F(x)
	F(x) = k*x + c
fitted parameters initialized with current variable values

iter      chisq       delta/lim  lambda   k            
   0 1.9665132223e+04   0.00e+00  6.02e-01    1.000000e+00
   4 4.8553002386e+00  -1.83e-11  6.02e+02    1.269535e+02

After 4 iterations the fit converged.
final sum of squares of residuals : 4.8553
rel. change during last iteration : -1.8293e-16

degrees of freedom    (FIT_NDF)                        : 2
rms of residuals      (FIT_STDFIT) = sqrt(WSSR/ndf)    : 1.55809
variance of residuals (reduced chisquare) = WSSR/ndf   : 2.42765
p-value of the Chisq distribution (FIT_P)              : 0.088244

Final set of parameters            Asymptotic Standard Error
=======================            ==========================
k               = 126.953          +/- 6.161        (4.853%)


*******************************************************************************
Mon May 19 02:37:02 2025


FIT:    data read from 'v5.csv' using 5:4:7:6 xyerrors
        format = x:z:sx:s
        #datapoints = 3
function used for fitting: F(x)
	F(x) = k*x + c
fitted parameters initialized with current variable values

iter      chisq       delta/lim  lambda   k            
   0 1.9608863238e+04   0.00e+00  7.17e-01    1.000000e+00
   4 3.0955977137e+00  -7.17e-11  7.17e+02    1.089157e+02

After 4 iterations the fit converged.
final sum of squares of residuals : 3.0956
rel. change during last iteration : -7.17292e-16

degrees of freedom    (FIT_NDF)                        : 2
rms of residuals      (FIT_STDFIT) = sqrt(WSSR/ndf)    : 1.24411
variance of residuals (reduced chisquare) = WSSR/ndf   : 1.5478
p-value of the Chisq distribution (FIT_P)              : 0.212716

Final set of parameters            Asymptotic Standard Error
=======================            ==========================
k               = 108.916          +/- 3.665        (3.365%)


*******************************************************************************
Mon May 19 02:37:20 2025


FIT:    data read from 'v6.csv' using 5:4:7:6 xyerrors
        format = x:z:sx:s
        #datapoints = 3
function used for fitting: F(x)
	F(x) = k*x + c
fitted parameters initialized with current variable values

iter      chisq       delta/lim  lambda   k            
   0 1.9188589222e+04   0.00e+00  1.31e+00    1.000000e+00
   4 8.2462306086e+00  -5.19e-09  1.31e+03    5.789490e+01

After 4 iterations the fit converged.
final sum of squares of residuals : 8.24623
rel. change during last iteration : -5.19149e-14

degrees of freedom    (FIT_NDF)                        : 2
rms of residuals      (FIT_STDFIT) = sqrt(WSSR/ndf)    : 2.03055
variance of residuals (reduced chisquare) = WSSR/ndf   : 4.12312
p-value of the Chisq distribution (FIT_P)              : 0.016194

Final set of parameters            Asymptotic Standard Error
=======================            ==========================
k               = 57.8949          +/- 3.818        (6.595%)


*******************************************************************************
Mon May 19 02:37:39 2025


FIT:    data read from 'v7.csv' using 5:4:7:6 xyerrors
        format = x:z:sx:s
        #datapoints = 3
function used for fitting: F(x)
	F(x) = k*x + c
fitted parameters initialized with current variable values

iter      chisq       delta/lim  lambda   k            
   0 1.9899574765e+04   0.00e+00  1.87e-01    1.000000e+00
   5 3.1459542185e+00   0.00e+00  1.87e+02    4.179833e+02

After 5 iterations the fit converged.
final sum of squares of residuals : 3.14595
rel. change during last iteration : 0

degrees of freedom    (FIT_NDF)                        : 2
rms of residuals      (FIT_STDFIT) = sqrt(WSSR/ndf)    : 1.25418
variance of residuals (reduced chisquare) = WSSR/ndf   : 1.57298
p-value of the Chisq distribution (FIT_P)              : 0.207427

Final set of parameters            Asymptotic Standard Error
=======================            ==========================
k               = 417.983          +/- 32.61        (7.802%)
